##########################################################################################################################################################
#                    #                     #               #                ##                    #                     #               #                #
#                    #          ****       #               #                                      #          ****       #               #                #
#  X                           ******                                                             #         ******                      #                #
#                    #          ****       #               #                ##                    #          ****       #               #                #
#                    #            A        #               #                ##                    #            A        #               #                #
#                    #                     ########## ######                ##                    #                     ########## ######                #
#                    #                     #               #                ##                    #                     #               #                #
#                    #                     #               #                ##                    #                     #               #                #
#                                          #                                ##                                          #                                #
#                    #                     #               #                ##                    #                     #               #                #
#    ###################################################################    ##    ###################################################################    #
#                                                                           ##                                                                           #
#    #####################################################################################################################################################
#                    #                     #               #                #
#                    #                     #               #                E
#                    #                                     #                #
#                    #                     #               #                #
#                    #            A        #               #                #
#                    #                     ########## ######                #
#                    #                     #               #                #
#                    #                     #               #                #
#                                          #                                #
#                    #                     #               #                #
#    ########################################################################
#    ########################################################################
#                    #                     #               #                #
#                    #          ****       #               #                #
#                    #         ******                      #                #
#                    #          ****       #               #                #
#                    #            A        #               #                #
#                    #                     ########## ######                #
#                    #                     #               #                #
#                    #                     #               #                #
#                                          #                                #
#                    #                     #               #                #
#    ###################################################################    #
#                                                                           #
#    ########################################################################
#                    #                     #               #                #
#                    #                     #               #                E
#                    #                                     #                #
#                    #                     #               #                #
#                    #            A        #               #                #
#                    #                     ########## ######                #
#                    #                     #               #                #
#                    #                     #               #                #
#                                          #                                #
#                    #                     #               #                #
#############################################################################